#-----------------------------------------------------------
# Vivado v2022.1 (64-bit)
# SW Build 3526262 on Mon Apr 18 15:47:01 MDT 2022
# IP Build 3524634 on Mon Apr 18 20:55:01 MDT 2022
# Start of session at: Sun May 12 10:49:52 2024
# Process ID: 10050
# Current directory: /home/ubuntu/Desktop/caravel-soc_fpga-lab/fsic_fpga
# Command line: vivado
# Log file: /home/ubuntu/Desktop/caravel-soc_fpga-lab/fsic_fpga/vivado.log
# Journal file: /home/ubuntu/Desktop/caravel-soc_fpga-lab/fsic_fpga/vivado.jou
# Running On: ubuntu2004, OS: Linux, CPU Frequency: 2111.996 MHz, CPU Physical cores: 2, Host memory: 10425 MB
#-----------------------------------------------------------
start_gui
open_project /home/ubuntu/Desktop/caravel-soc_fpga-lab/fsic_fpga/vivado/vvd_caravel_fpga_sim/vvd_caravel_fpga_sim.xpr
launch_simulation
open_wave_config /home/ubuntu/Desktop/caravel-soc_fpga-lab/fsic_fpga/vivado/fsic_tb_behav.wcfg
source fsic_tb.tcl
update_compile_order -fileset sources_1
run 1000000 us
close_sim
launch_simulation
open_wave_config /home/ubuntu/Desktop/caravel-soc_fpga-lab/fsic_fpga/vivado/fsic_tb_behav.wcfg
source fsic_tb.tcl
run 1000000 us
