--- Snapshot Timing Progress ---
------------------------------------------------------------------------------------------------------------------------ 
Snapshot                   WNS       TNS      Hold  Cell Cnt      Area   Buf/Inv      Util    CPU(s)   Mem(Mb)      Host 
------------------------------------------------------------------------------------------------------------------------ 
place_qor_snp.ss.sum.full     1.3884    0.0000    0.0232       701   320.168       150    0.1972       114       878     cad27 
clock_pre_route.ss.sum.full     1.4016    0.0000    0.0278       705   321.944       154    0.1983        73      1327     cad27 
clock.ss.sum.full       1.3475    0.0000    0.0288       713   325.274       152    0.2004       164      1327     cad27 
route.ss.sum.full       1.3590    0.0000    0.0228       713   325.541       152    0.2006        62       860     cad27 



***********************************************
Report          : create_qor_snapshot (place_qor_snp)
Design          : i2c_master_top
Version         : T-2022.03-SP2
Date            : Tue Apr 16 20:19:23 2024
Time unit       : 1.00ns
Resistance unit : 1.00MOhm
Capacitance unit: 1.00fF
Voltage unit    : 1.00V
Current unit    : 1.00uA
Power unit      : 1.00pW
Location        : /home/raid7_2/userk/m11102167/ASoC/lab_formal_release/lab2_pnr/work/./
***********************************************
No. of scenario = 2
s1 = func_fast
s2 = func_slow
------------------------------------------------------------------------
WNS of each timing group:                       s1        s2 
------------------------------------------------------------------------
wb_clk_i                                    1.3997    1.3884 
------------------------------------------------------------------------
Setup WNS:                                  1.3997    1.3884      1.3884 
Setup TNS:                                  0.0000    0.0000      0.0000
Number of setup violations:                      0         0           0 
Hold WNS:                                   0.0232    0.0240      0.0232 
Hold TNS:                                   0.0000    0.0000      0.0000 
Number of hold violations:                       0         0           0 
Number of max trans violations:                  0         0           0 
Number of max cap violations:                    0         0           0 
Number of min pulse width violations:            0         0           0 
------------------------------------------------------------------------
Area:                                                            320.168
Cell count:                                                          701
Buf/inv cell count:                                                  150
Std cell utilization:                                             0.1972
CPU(s):                                                              114
Mem(Mb):                                                             878
Host name:                                                         cad27
------------------------------------------------------------------------
Histogram:             s1   s2 
------------------------------------------------------------------------
Max violations:         0    0 
   above ~ -0.7  ---    0    0 
    -0.6 ~ -0.7  ---    0    0 
    -0.5 ~ -0.6  ---    0    0 
    -0.4 ~ -0.5  ---    0    0 
    -0.3 ~ -0.4  ---    0    0 
    -0.2 ~ -0.3  ---    0    0 
    -0.1 ~ -0.2  ---    0    0 
       0 ~ -0.1  ---    0    0 
------------------------------------------------------------------------
Min violations:         0    0 
  -0.06 ~ above  ---    0    0 
  -0.05 ~ -0.06  ---    0    0 
  -0.04 ~ -0.05  ---    0    0 
  -0.03 ~ -0.04  ---    0    0 
  -0.02 ~ -0.03  ---    0    0 
  -0.01 ~ -0.02  ---    0    0 
      0 ~ -0.01  ---    0    0 
------------------------------------------------------------------------



***********************************************
Report          : create_qor_snapshot (clock_pre_route)
Design          : i2c_master_top
Version         : T-2022.03-SP2
Date            : Tue Apr 16 20:21:39 2024
Time unit       : 1.00ns
Resistance unit : 1.00MOhm
Capacitance unit: 1.00fF
Voltage unit    : 1.00V
Current unit    : 1.00uA
Power unit      : 1.00pW
Location        : /home/raid7_2/userk/m11102167/ASoC/lab_formal_release/lab2_pnr/work/./
***********************************************
No. of scenario = 2
s1 = func_fast
s2 = func_slow
------------------------------------------------------------------------
WNS of each timing group:                       s1        s2 
------------------------------------------------------------------------
wb_clk_i                                    1.4131    1.4016 
------------------------------------------------------------------------
Setup WNS:                                  1.4131    1.4016      1.4016 
Setup TNS:                                  0.0000    0.0000      0.0000
Number of setup violations:                      0         0           0 
Hold WNS:                                   0.0278    0.0281      0.0278 
Hold TNS:                                   0.0000    0.0000      0.0000 
Number of hold violations:                       0         0           0 
Number of max trans violations:                  0         0           0 
Number of max cap violations:                    0         0           0 
Number of min pulse width violations:            0         0           0 
------------------------------------------------------------------------
Area:                                                            321.944
Cell count:                                                          705
Buf/inv cell count:                                                  154
Std cell utilization:                                             0.1983
CPU(s):                                                               73
Mem(Mb):                                                            1327
Host name:                                                         cad27
------------------------------------------------------------------------
Histogram:             s1   s2 
------------------------------------------------------------------------
Max violations:         0    0 
   above ~ -0.7  ---    0    0 
    -0.6 ~ -0.7  ---    0    0 
    -0.5 ~ -0.6  ---    0    0 
    -0.4 ~ -0.5  ---    0    0 
    -0.3 ~ -0.4  ---    0    0 
    -0.2 ~ -0.3  ---    0    0 
    -0.1 ~ -0.2  ---    0    0 
       0 ~ -0.1  ---    0    0 
------------------------------------------------------------------------
Min violations:         0    0 
  -0.06 ~ above  ---    0    0 
  -0.05 ~ -0.06  ---    0    0 
  -0.04 ~ -0.05  ---    0    0 
  -0.03 ~ -0.04  ---    0    0 
  -0.02 ~ -0.03  ---    0    0 
  -0.01 ~ -0.02  ---    0    0 
      0 ~ -0.01  ---    0    0 
------------------------------------------------------------------------



***********************************************
Report          : create_qor_snapshot (clock)
Design          : i2c_master_top
Version         : T-2022.03-SP2
Date            : Tue Apr 16 20:24:12 2024
Time unit       : 1.00ns
Resistance unit : 1.00MOhm
Capacitance unit: 1.00fF
Voltage unit    : 1.00V
Current unit    : 1.00uA
Power unit      : 1.00pW
Location        : /home/raid7_2/userk/m11102167/ASoC/lab_formal_release/lab2_pnr/work/./
***********************************************
No. of scenario = 2
s1 = func_fast
s2 = func_slow
------------------------------------------------------------------------
WNS of each timing group:                       s1        s2 
------------------------------------------------------------------------
wb_clk_i                                    1.3658    1.3475 
------------------------------------------------------------------------
Setup WNS:                                  1.3658    1.3475      1.3475 
Setup TNS:                                  0.0000    0.0000      0.0000
Number of setup violations:                      0         0           0 
Hold WNS:                                   0.0288    0.0291      0.0288 
Hold TNS:                                   0.0000    0.0000      0.0000 
Number of hold violations:                       0         0           0 
Number of max trans violations:                  0         0           0 
Number of max cap violations:                    0         0           0 
Number of min pulse width violations:            0         0           0 
------------------------------------------------------------------------
Area:                                                            325.274
Cell count:                                                          713
Buf/inv cell count:                                                  152
Std cell utilization:                                             0.2004
CPU(s):                                                              164
Mem(Mb):                                                            1327
Host name:                                                         cad27
------------------------------------------------------------------------
Histogram:             s1   s2 
------------------------------------------------------------------------
Max violations:         0    0 
   above ~ -0.7  ---    0    0 
    -0.6 ~ -0.7  ---    0    0 
    -0.5 ~ -0.6  ---    0    0 
    -0.4 ~ -0.5  ---    0    0 
    -0.3 ~ -0.4  ---    0    0 
    -0.2 ~ -0.3  ---    0    0 
    -0.1 ~ -0.2  ---    0    0 
       0 ~ -0.1  ---    0    0 
------------------------------------------------------------------------
Min violations:         0    0 
  -0.06 ~ above  ---    0    0 
  -0.05 ~ -0.06  ---    0    0 
  -0.04 ~ -0.05  ---    0    0 
  -0.03 ~ -0.04  ---    0    0 
  -0.02 ~ -0.03  ---    0    0 
  -0.01 ~ -0.02  ---    0    0 
      0 ~ -0.01  ---    0    0 
------------------------------------------------------------------------



***********************************************
Report          : create_qor_snapshot (route)
Design          : i2c_master_top
Version         : T-2022.03-SP2
Date            : Tue Apr 16 20:26:13 2024
Time unit       : 1.00ns
Resistance unit : 1.00MOhm
Capacitance unit: 1.00fF
Voltage unit    : 1.00V
Current unit    : 1.00uA
Power unit      : 1.00pW
Location        : /home/raid7_2/userk/m11102167/ASoC/lab_formal_release/lab2_pnr/work/./
***********************************************
No. of scenario = 2
s1 = func_fast
s2 = func_slow
------------------------------------------------------------------------
WNS of each timing group:                       s1        s2 
------------------------------------------------------------------------
wb_clk_i                                    1.3751    1.3590 
------------------------------------------------------------------------
Setup WNS:                                  1.3751    1.3590      1.3590 
Setup TNS:                                  0.0000    0.0000      0.0000
Number of setup violations:                      0         0           0 
Hold WNS:                                   0.0228    0.0235      0.0228 
Hold TNS:                                   0.0000    0.0000      0.0000 
Number of hold violations:                       0         0           0 
Number of max trans violations:                  0         0           0 
Number of max cap violations:                    0         0           0 
Number of min pulse width violations:            0         0           0 
------------------------------------------------------------------------
Area:                                                            325.541
Cell count:                                                          713
Buf/inv cell count:                                                  152
Std cell utilization:                                             0.2006
CPU(s):                                                               62
Mem(Mb):                                                             860
Host name:                                                         cad27
------------------------------------------------------------------------
Histogram:             s1   s2 
------------------------------------------------------------------------
Max violations:         0    0 
   above ~ -0.7  ---    0    0 
    -0.6 ~ -0.7  ---    0    0 
    -0.5 ~ -0.6  ---    0    0 
    -0.4 ~ -0.5  ---    0    0 
    -0.3 ~ -0.4  ---    0    0 
    -0.2 ~ -0.3  ---    0    0 
    -0.1 ~ -0.2  ---    0    0 
       0 ~ -0.1  ---    0    0 
------------------------------------------------------------------------
Min violations:         0    0 
  -0.06 ~ above  ---    0    0 
  -0.05 ~ -0.06  ---    0    0 
  -0.04 ~ -0.05  ---    0    0 
  -0.03 ~ -0.04  ---    0    0 
  -0.02 ~ -0.03  ---    0    0 
  -0.01 ~ -0.02  ---    0    0 
      0 ~ -0.01  ---    0    0 
------------------------------------------------------------------------
Snapshot report (index) is created and can be viewed using file "/home/raid7_2/userk/m11102167/ASoC/lab_formal_release/lab2_pnr/work/.//index.html"
true
